[    0.000000] Initializing cgroup subsys cpuset
[    0.000000] Initializing cgroup subsys cpu
[    0.000000] Initializing cgroup subsys cpuacct
[    0.000000] Linux version 4.4.0-165-generic (buildd@lgw01-amd64-027) (gcc version 5.4.0 20160609 (Ubuntu 5.4.0-6ubuntu1~16.04.10) ) #193-Ubuntu SMP Tue Sep 17 17:42:52 UTC 2019 (Ubuntu 4.4.0-165.193-generic 4.4.189)
[    0.000000] Command line: BOOT_IMAGE=/boot/vmlinuz-4.4.0-165-generic root=LABEL=cloudimg-rootfs ro console=tty1 console=ttyS0
[    0.000000] KERNEL supported cpus:
[    0.000000]   Intel GenuineIntel
[    0.000000]   AMD AuthenticAMD
[    0.000000]   Centaur CentaurHauls
[    0.000000] x86/fpu: xstate_offset[2]:  576, xstate_sizes[2]:  256
[    0.000000] x86/fpu: Supporting XSAVE feature 0x01: 'x87 floating point registers'
[    0.000000] x86/fpu: Supporting XSAVE feature 0x02: 'SSE registers'
[    0.000000] x86/fpu: Supporting XSAVE feature 0x04: 'AVX registers'
[    0.000000] x86/fpu: Enabled xstate features 0x7, context size is 832 bytes, using 'standard' format.
[    0.000000] e820: BIOS-provided physical RAM map:
[    0.000000] BIOS-e820: [mem 0x0000000000000000-0x000000000009fbff] usable
[    0.000000] BIOS-e820: [mem 0x000000000009fc00-0x000000000009ffff] reserved
[    0.000000] BIOS-e820: [mem 0x00000000000f0000-0x00000000000fffff] reserved
[    0.000000] BIOS-e820: [mem 0x0000000000100000-0x000000003ffeffff] usable
[    0.000000] BIOS-e820: [mem 0x000000003fff0000-0x000000003fffffff] ACPI data
[    0.000000] BIOS-e820: [mem 0x00000000fec00000-0x00000000fec00fff] reserved
[    0.000000] BIOS-e820: [mem 0x00000000fee00000-0x00000000fee00fff] reserved
[    0.000000] BIOS-e820: [mem 0x00000000fffc0000-0x00000000ffffffff] reserved
[    0.000000] NX (Execute Disable) protection: active
[    0.000000] SMBIOS 2.5 present.
[    0.000000] Hypervisor detected: KVM
[    0.000000] e820: last_pfn = 0x3fff0 max_arch_pfn = 0x400000000
[    0.000000] MTRR: Disabled
[    0.000000] x86/PAT: MTRRs disabled, skipping PAT initialization too.
[    0.000000] CPU MTRRs all blank - virtualized system.
[    0.000000] x86/PAT: Configuration [0-7]: WB  WT  UC- UC  WB  WT  UC- UC  
[    0.000000] found SMP MP-table at [mem 0x0009fff0-0x0009ffff] mapped at [ffff88000009fff0]
[    0.000000] Scanning 1 areas for low memory corruption
[    0.000000] RAMDISK: [mem 0x361e2000-0x370e8fff]
[    0.000000] ACPI: Early table checksum verification disabled
[    0.000000] ACPI: RSDP 0x00000000000E0000 000024 (v02 VBOX  )
[    0.000000] ACPI: XSDT 0x000000003FFF0030 00003C (v01 VBOX   VBOXXSDT 00000001 ASL  00000061)
[    0.000000] ACPI: FACP 0x000000003FFF00F0 0000F4 (v04 VBOX   VBOXFACP 00000001 ASL  00000061)
[    0.000000] ACPI: DSDT 0x000000003FFF0470 0022EA (v02 VBOX   VBOXBIOS 00000002 INTL 20100528)
[    0.000000] ACPI: FACS 0x000000003FFF0200 000040
[    0.000000] ACPI: FACS 0x000000003FFF0200 000040
[    0.000000] ACPI: APIC 0x000000003FFF0240 00005C (v02 VBOX   VBOXAPIC 00000001 ASL  00000061)
[    0.000000] ACPI: SSDT 0x000000003FFF02A0 0001CC (v01 VBOX   VBOXCPUT 00000002 INTL 20100528)
[    0.000000] No NUMA configuration found
[    0.000000] Faking a node at [mem 0x0000000000000000-0x000000003ffeffff]
[    0.000000] NODE_DATA(0) allocated [mem 0x3ffeb000-0x3ffeffff]
[    0.000000] kvm-clock: Using msrs 4b564d01 and 4b564d00
[    0.000000] kvm-clock: cpu 0, msr 0:3ffe3001, primary cpu clock
[    0.000000] kvm-clock: using sched offset of 3560999303 cycles
[    0.000000] clocksource: kvm-clock: mask: 0xffffffffffffffff max_cycles: 0x1cd42e4dffb, max_idle_ns: 881590591483 ns
[    0.000000] Zone ranges:
[    0.000000]   DMA      [mem 0x0000000000001000-0x0000000000ffffff]
[    0.000000]   DMA32    [mem 0x0000000001000000-0x000000003ffeffff]
[    0.000000]   Normal   empty
[    0.000000]   Device   empty
[    0.000000] Movable zone start for each node
[    0.000000] Early memory node ranges
[    0.000000]   node   0: [mem 0x0000000000001000-0x000000000009efff]
[    0.000000]   node   0: [mem 0x0000000000100000-0x000000003ffeffff]
[    0.000000] Initmem setup node 0 [mem 0x0000000000001000-0x000000003ffeffff]
[    0.000000] ACPI: PM-Timer IO Port: 0x4008
[    0.000000] IOAPIC[0]: apic_id 2, version 32, address 0xfec00000, GSI 0-23
[    0.000000] ACPI: INT_SRC_OVR (bus 0 bus_irq 0 global_irq 2 dfl dfl)
[    0.000000] ACPI: INT_SRC_OVR (bus 0 bus_irq 9 global_irq 9 low level)
[    0.000000] Using ACPI (MADT) for SMP configuration information
[    0.000000] smpboot: Allowing 2 CPUs, 0 hotplug CPUs
[    0.000000] PM: Registered nosave memory: [mem 0x00000000-0x00000fff]
[    0.000000] PM: Registered nosave memory: [mem 0x0009f000-0x0009ffff]
[    0.000000] PM: Registered nosave memory: [mem 0x000a0000-0x000effff]
[    0.000000] PM: Registered nosave memory: [mem 0x000f0000-0x000fffff]
[    0.000000] e820: [mem 0x40000000-0xfebfffff] available for PCI devices
[    0.000000] Booting paravirtualized kernel on KVM
[    0.000000] clocksource: refined-jiffies: mask: 0xffffffff max_cycles: 0xffffffff, max_idle_ns: 7645519600211568 ns
[    0.000000] setup_percpu: NR_CPUS:512 nr_cpumask_bits:512 nr_cpu_ids:2 nr_node_ids:1
[    0.000000] PERCPU: Embedded 34 pages/cpu @ffff88003fc00000 s99544 r8192 d31528 u1048576
[    0.000000] Built 1 zonelists in Node order, mobility grouping on.  Total pages: 257912
[    0.000000] Policy zone: DMA32
[    0.000000] Kernel command line: BOOT_IMAGE=/boot/vmlinuz-4.4.0-165-generic root=LABEL=cloudimg-rootfs ro console=tty1 console=ttyS0
[    0.000000] PID hash table entries: 4096 (order: 3, 32768 bytes)
[    0.000000] Memory: 997172K/1048120K available (8621K kernel code, 1335K rwdata, 4032K rodata, 1484K init, 1284K bss, 50948K reserved, 0K cma-reserved)
[    0.000000] SLUB: HWalign=64, Order=0-3, MinObjects=0, CPUs=2, Nodes=1
[    0.000000] Kernel/User page tables isolation: enabled
[    0.000000] Hierarchical RCU implementation.
[    0.000000] 	Build-time adjustment of leaf fanout to 64.
[    0.000000] 	RCU restricting CPUs from NR_CPUS=512 to nr_cpu_ids=2.
[    0.000000] RCU: Adjusting geometry for rcu_fanout_leaf=64, nr_cpu_ids=2
[    0.000000] NR_IRQS:33024 nr_irqs:440 16
[    0.000000] Console: colour VGA+ 80x25
[    0.000000] console [tty1] enabled
[    0.000000] console [ttyS0] enabled
[    0.000000] tsc: Detected 2903.998 MHz processor
[    0.175910] Calibrating delay loop (skipped) preset value.. 5807.99 BogoMIPS (lpj=11615992)
[    0.177840] pid_max: default: 32768 minimum: 301
[    0.178915] ACPI: Core revision 20150930
[    0.181403] ACPI: 2 ACPI AML tables successfully acquired and loaded
[    0.182863] Security Framework initialized
[    0.183852] Yama: becoming mindful.
[    0.184743] AppArmor: AppArmor initialized
[    0.185790] Dentry cache hash table entries: 131072 (order: 8, 1048576 bytes)
[    0.190052] Inode-cache hash table entries: 65536 (order: 7, 524288 bytes)
[    0.192113] Mount-cache hash table entries: 2048 (order: 2, 16384 bytes)
[    0.194617] Mountpoint-cache hash table entries: 2048 (order: 2, 16384 bytes)
[    0.196389] Initializing cgroup subsys io
[    0.197364] Initializing cgroup subsys memory
[    0.198371] Initializing cgroup subsys devices
[    0.199403] Initializing cgroup subsys freezer
[    0.200480] Initializing cgroup subsys net_cls
[    0.201509] Initializing cgroup subsys perf_event
[    0.202646] Initializing cgroup subsys net_prio
[    0.203699] Initializing cgroup subsys hugetlb
[    0.204754] Initializing cgroup subsys pids
[    0.207701] mce: CPU supports 0 MCE banks
[    0.208977] Last level iTLB entries: 4KB 64, 2MB 8, 4MB 8
[    0.210627] Last level dTLB entries: 4KB 64, 2MB 0, 4MB 0, 1GB 4
[    0.212373] Spectre V1 : Mitigation: usercopy/swapgs barriers and __user pointer sanitization
[    0.214426] Spectre V2 : Mitigation: Full generic retpoline
[    0.215701] Spectre V2 : Spectre v2 / SpectreRSB mitigation: Filling RSB on context switch
[    0.218481] Speculative Store Bypass: Vulnerable
[    0.220190] MDS: Vulnerable: Clear CPU buffers attempted, no microcode
[    0.226894] Freeing SMP alternatives memory: 36K
[    0.237914] ftrace: allocating 32318 entries in 127 pages
[    0.317636] smpboot: APIC(0) Converting physical 0 to logical package 0
[    0.319021] smpboot: Max logical packages: 1
[    0.320332] x2apic enabled
[    0.321368] Switched APIC routing to physical x2apic.
[    0.323879] ..TIMER: vector=0x30 apic1=0 pin1=2 apic2=-1 pin2=-1
[    0.433283] smpboot: CPU0: Intel(R) Core(TM) i7-7500U CPU @ 2.70GHz (family: 0x6, model: 0x8e, stepping: 0x9)
[    0.435904] Performance Events: unsupported p6 CPU model 142 no PMU driver, software events only.
[    0.448970] KVM setup paravirtual spinlock
[    0.450727] x86: Booting SMP configuration:
[    0.451778] .... node  #0, CPUs:      #1
[    0.452928] kvm-clock: cpu 1, msr 0:3ffe3041, secondary cpu clock
[    0.455377] mce: CPU supports 0 MCE banks
[    0.457948] x86: Booted up 1 node, 2 CPUs
[    0.459212] smpboot: Total of 2 processors activated (11615.99 BogoMIPS)
[    0.461339] devtmpfs: initialized
[    0.463541] evm: security.selinux
[    0.464457] evm: security.SMACK64
[    0.465404] evm: security.SMACK64EXEC
[    0.466390] evm: security.SMACK64TRANSMUTE
[    0.467526] evm: security.SMACK64MMAP
[    0.468498] evm: security.ima
[    0.469364] evm: security.capability
[    0.470539] clocksource: jiffies: mask: 0xffffffff max_cycles: 0xffffffff, max_idle_ns: 7645041785100000 ns
[    0.472814] futex hash table entries: 512 (order: 3, 32768 bytes)
[    0.474452] pinctrl core: initialized pinctrl subsystem
[    0.475747] RTC time: 14:37:42, date: 10/13/19
[    0.477109] NET: Registered protocol family 16
[    0.490677] cpuidle: using governor ladder
[    0.501491] cpuidle: using governor menu
[    0.502625] PCCT header not found.
[    0.503619] ACPI: bus type PCI registered
[    0.504625] acpiphp: ACPI Hot Plug PCI Controller Driver version: 0.5
[    0.506277] PCI: Using configuration type 1 for base access
[    0.518921] ACPI: Added _OSI(Module Device)
[    0.520297] ACPI: Added _OSI(Processor Device)
[    0.521795] ACPI: Added _OSI(3.0 _SCP Extensions)
[    0.523293] ACPI: Added _OSI(Processor Aggregator Device)
[    0.525569] ACPI: Executed 1 blocks of module-level executable AML code
[    0.529905] ACPI: Interpreter enabled
[    0.530892] ACPI: (supports S0 S5)
[    0.531824] ACPI: Using IOAPIC for interrupt routing
[    0.533270] PCI: Using host bridge windows from ACPI; if necessary, use "pci=nocrs" and report a bug
[    0.539218] ACPI: PCI Root Bridge [PCI0] (domain 0000 [bus 00-ff])
[    0.540608] acpi PNP0A03:00: _OSC: OS supports [ASPM ClockPM Segments MSI]
[    0.542459] acpi PNP0A03:00: _OSC: not requesting OS control; OS requires [ExtendedConfig ASPM ClockPM MSI]
[    0.544800] acpi PNP0A03:00: fail to add MMCONFIG information, can't access extended PCI configuration space under this bridge.
[    0.547744] PCI host bridge to bus 0000:00
[    0.548800] pci_bus 0000:00: root bus resource [io  0x0000-0x0cf7 window]
[    0.550351] pci_bus 0000:00: root bus resource [io  0x0d00-0xffff window]
[    0.551875] pci_bus 0000:00: root bus resource [mem 0x000a0000-0x000bffff window]
[    0.553779] pci_bus 0000:00: root bus resource [mem 0x40000000-0xfdffffff window]
[    0.555704] pci_bus 0000:00: root bus resource [bus 00-ff]
[    0.559037] pci 0000:00:01.1: legacy IDE quirk: reg 0x10: [io  0x01f0-0x01f7]
[    0.560524] pci 0000:00:01.1: legacy IDE quirk: reg 0x14: [io  0x03f6]
[    0.561841] pci 0000:00:01.1: legacy IDE quirk: reg 0x18: [io  0x0170-0x0177]
[    0.563263] pci 0000:00:01.1: legacy IDE quirk: reg 0x1c: [io  0x0376]
[    0.595314] pci 0000:00:07.0: quirk: [io  0x4000-0x403f] claimed by PIIX4 ACPI
[    0.597324] pci 0000:00:07.0: quirk: [io  0x4100-0x410f] claimed by PIIX4 SMB
[    0.609883] ACPI: PCI Interrupt Link [LNKA] (IRQs 5 9 10 *11)
[    0.612087] ACPI: PCI Interrupt Link [LNKB] (IRQs 5 9 *10 11)
[    0.614114] ACPI: PCI Interrupt Link [LNKC] (IRQs 5 *9 10 11)
[    0.616039] ACPI: PCI Interrupt Link [LNKD] (IRQs 5 9 10 *11)
[    0.618060] ACPI: Enabled 2 GPEs in block 00 to 07
[    0.619829] vgaarb: setting as boot device: PCI:0000:00:02.0
[    0.621223] vgaarb: device added: PCI:0000:00:02.0,decodes=io+mem,owns=io+mem,locks=none
[    0.623392] vgaarb: loaded
[    0.624256] vgaarb: bridge control possible 0000:00:02.0
[    0.625837] SCSI subsystem initialized
[    0.627049] ACPI: bus type USB registered
[    0.628115] usbcore: registered new interface driver usbfs
[    0.629493] usbcore: registered new interface driver hub
[    0.630812] usbcore: registered new device driver usb
[    0.632254] PCI: Using ACPI for IRQ routing
[    0.633628] NetLabel: Initializing
[    0.634561] NetLabel:  domain hash size = 128
[    0.635641] NetLabel:  protocols = UNLABELED CIPSOv4
[    0.639684] NetLabel:  unlabeled traffic allowed by default
[    0.641254] amd_nb: Cannot enumerate AMD northbridges
[    0.642610] clocksource: Switched to clocksource kvm-clock
[    0.654550] AppArmor: AppArmor Filesystem Enabled
[    0.655831] pnp: PnP ACPI init
[    0.657532] pnp: PnP ACPI: found 3 devices
[    0.668284] clocksource: acpi_pm: mask: 0xffffff max_cycles: 0xffffff, max_idle_ns: 2085701024 ns
[    0.670377] NET: Registered protocol family 2
[    0.671595] TCP established hash table entries: 8192 (order: 4, 65536 bytes)
[    0.673014] TCP bind hash table entries: 8192 (order: 5, 131072 bytes)
[    0.674348] TCP: Hash tables configured (established 8192 bind 8192)
[    0.675711] UDP hash table entries: 512 (order: 2, 16384 bytes)
[    0.676971] UDP-Lite hash table entries: 512 (order: 2, 16384 bytes)
[    0.678338] NET: Registered protocol family 1
[    0.679427] pci 0000:00:00.0: Limiting direct PCI/PCI transfers
[    0.680718] pci 0000:00:01.0: Activating ISA DMA hang workarounds
[    0.682301] Unpacking initramfs...
[    0.926948] Freeing initrd memory: 15388K
[    0.928745] clocksource: tsc: mask: 0xffffffffffffffff max_cycles: 0x29dc03c1beb, max_idle_ns: 440795205215 ns
[    0.931767] platform rtc_cmos: registered platform RTC device (no PNP device found)
[    0.933870] Scanning for low memory corruption every 60 seconds
[    0.936416] audit: initializing netlink subsys (disabled)
[    0.937627] audit: type=2000 audit(1570977467.573:1): initialized
[    0.939237] Initialise system trusted keyring
[    0.940532] HugeTLB registered 2 MB page size, pre-allocated 0 pages
[    0.943347] zbud: loaded
[    0.944702] VFS: Disk quotas dquot_6.6.0
[    0.946019] VFS: Dquot-cache hash table entries: 512 (order 0, 4096 bytes)
[    0.948172] squashfs: version 4.0 (2009/01/31) Phillip Lougher
[    0.950244] fuse init (API version 7.23)
[    0.951709] Key type big_key registered
[    0.952927] Allocating IMA MOK and blacklist keyrings.
[    0.955694] Key type asymmetric registered
[    0.956904] Asymmetric key parser 'x509' registered
[    0.958661] Block layer SCSI generic (bsg) driver version 0.4 loaded (major 249)
[    0.961353] io scheduler noop registered
[    0.962877] io scheduler deadline registered (default)
[    0.964759] io scheduler cfq registered
[    0.966336] pci_hotplug: PCI Hot Plug PCI Core version: 0.5
[    0.968364] pciehp: PCI Express Hot Plug Controller Driver version: 0.4
[    0.970629] ACPI: AC Adapter [AC] (on-line)
[    0.972117] input: Power Button as /devices/LNXSYSTM:00/LNXPWRBN:00/input/input0
[    0.974931] ACPI: Power Button [PWRF]
[    0.976301] input: Sleep Button as /devices/LNXSYSTM:00/LNXSLPBN:00/input/input1
[    0.979117] ACPI: Sleep Button [SLPF]
[    0.981735] ACPI: Battery Slot [BAT0] (battery present)
[    0.983633] GHES: HEST is not enabled!
[    0.985183] Serial: 8250/16550 driver, 32 ports, IRQ sharing enabled
[    1.007804] 00:02: ttyS0 at I/O 0x3f8 (irq = 4, base_baud = 115200) is a 16550A
[    1.011006] Linux agpgart interface v0.103
[    1.017067] loop: module loaded
[    1.022865] scsi host0: ata_piix
[    1.024228] scsi host1: ata_piix
[    1.025274] ata1: PATA max UDMA/33 cmd 0x1f0 ctl 0x3f6 bmdma 0xd000 irq 14
[    1.027369] ata2: PATA max UDMA/33 cmd 0x170 ctl 0x376 bmdma 0xd008 irq 15
[    1.029629] libphy: Fixed MDIO Bus: probed
[    1.030853] tun: Universal TUN/TAP device driver, 1.6
[    1.032123] tun: (C) 1999-2004 Max Krasnyansky <maxk@qualcomm.com>
[    1.033559] PPP generic driver version 2.4.2
[    1.034658] ehci_hcd: USB 2.0 'Enhanced' Host Controller (EHCI) Driver
[    1.036821] ehci-pci: EHCI PCI platform driver
[    1.038241] ehci-platform: EHCI generic platform driver
[    1.040099] ohci_hcd: USB 1.1 'Open' Host Controller (OHCI) Driver
[    1.041909] ohci-pci: OHCI PCI platform driver
[    1.043465] ohci-platform: OHCI generic platform driver
[    1.045302] uhci_hcd: USB Universal Host Controller Interface driver
[    1.047212] i8042: PNP: PS/2 Controller [PNP0303:PS2K,PNP0f03:PS2M] at 0x60,0x64 irq 1,12
[    1.050367] serio: i8042 KBD port at 0x60,0x64 irq 1
[    1.051850] serio: i8042 AUX port at 0x60,0x64 irq 12
[    1.053562] mousedev: PS/2 mouse device common for all mice
[    1.055762] input: AT Translated Set 2 keyboard as /devices/platform/i8042/serio0/input/input2
[    1.058514] rtc_cmos rtc_cmos: rtc core: registered rtc_cmos as rtc0
[    1.060788] rtc_cmos rtc_cmos: alarms up to one day, 114 bytes nvram
[    1.062829] i2c /dev entries driver
[    1.064040] device-mapper: uevent: version 1.0.3
[    1.065419] device-mapper: ioctl: 4.34.0-ioctl (2015-10-28) initialised: dm-devel@redhat.com
[    1.067990] ledtrig-cpu: registered to indicate activity on CPUs
[    1.070180] NET: Registered protocol family 10
[    1.071729] NET: Registered protocol family 17
[    1.072921] Key type dns_resolver registered
[    1.074254] registered taskstats version 1
[    1.075668] Loading compiled-in X.509 certificates
[    1.077652] Loaded X.509 cert 'Build time autogenerated kernel key: 0ed82eac04367aa6426493b1389455ebf6830eaa'
[    1.080662] zswap: loaded using pool lzo/zbud
[    1.084071] Key type trusted registered
[    1.088862] Key type encrypted registered
[    1.089857] AppArmor: AppArmor sha1 policy hashing enabled
[    1.091021] ima: No TPM chip found, activating TPM-bypass!
[    1.092283] ima: Allocated hash algorithm: sha1
[    1.093487] evm: HMAC attrs: 0x1
[    1.094967]   Magic number: 7:68:637
[    1.095983] rtc_cmos rtc_cmos: setting system clock to 2019-10-13 14:37:42 UTC (1570977462)
[    1.098156] BIOS EDD facility v0.16 2004-Jun-25, 0 devices found
[    1.099473] EDD information not available.
[    1.187241] Freeing unused kernel memory: 1484K
[    1.191490] Write protecting the kernel read-only data: 14336k
[    1.198683] Freeing unused kernel memory: 1608K
[    1.203879] Freeing unused kernel memory: 64K
Loading, please wait...
starting version 229
[    1.233687] random: systemd-udevd: uninitialized urandom read (16 bytes read, 3 bits of entropy available)
[    1.235744] random: udevadm: uninitialized urandom read (16 bytes read, 3 bits of entropy available)
[    1.235804] random: udevadm: uninitialized urandom read (16 bytes read, 3 bits of entropy available)
[    1.242642] random: systemd-udevd: uninitialized urandom read (16 bytes read, 3 bits of entropy available)
[    1.245152] random: systemd-udevd: uninitialized urandom read (16 bytes read, 3 bits of entropy available)
[    1.247367] random: systemd-udevd: uninitialized urandom read (16 bytes read, 3 bits of entropy available)
[    1.248282] random: udevadm: uninitialized urandom read (16 bytes read, 3 bits of entropy available)
[    1.248348] random: udevadm: uninitialized urandom read (16 bytes read, 3 bits of entropy available)
[    1.248581] random: udevadm: uninitialized urandom read (16 bytes read, 3 bits of entropy available)
[    1.248635] random: udevadm: uninitialized urandom read (16 bytes read, 3 bits of entropy available)
[    1.295307] e1000: Intel(R) PRO/1000 Network Driver - version 7.3.21-k8-NAPI
[    1.297825] e1000: Copyright (c) 1999-2006 Intel Corporation.
[    1.303205] Fusion MPT base driver 3.04.20
[    1.304697] Copyright (c) 1999-2008 LSI Corporation
[    1.311616] Fusion MPT SPI Host driver 3.04.20
[    1.324891] AVX2 version of gcm_enc/dec engaged.
[    1.327476] AES CTR mode by8 optimization enabled
[    1.510196] input: ImExPS/2 Generic Explorer Mouse as /devices/platform/i8042/serio1/input/input4
[    1.691667] e1000 0000:00:03.0 eth0: (PCI:33MHz:32-bit) 02:0e:9b:2d:5b:92
[    1.693333] e1000 0000:00:03.0 eth0: Intel(R) PRO/1000 Network Connection
[    1.695656] mptbase: ioc0: Initiating bringup
[    2.393127] ioc0: LSI53C1030 A0: Capabilities={Initiator}
[    3.114240] scsi host2: ioc0: LSI53C1030 A0, FwRev=00000000h, Ports=1, MaxQ=256, IRQ=20
[    3.690673] scsi 2:0:0:0: Direct-Access     VBOX     HARDDISK         1.0  PQ: 0 ANSI: 5
[    3.693178] scsi target2:0:0: Beginning Domain Validation
[    3.697088] scsi target2:0:0: Domain Validation skipping write tests
[    3.698879] scsi target2:0:0: Ending Domain Validation
[    3.700528] scsi target2:0:0: asynchronous
[    3.702299] scsi 2:0:1:0: Direct-Access     VBOX     HARDDISK         1.0  PQ: 0 ANSI: 5
[    3.704979] scsi target2:0:1: Beginning Domain Validation
[    3.708057] scsi target2:0:1: Domain Validation skipping write tests
[    3.710662] scsi target2:0:1: Ending Domain Validation
[    3.712411] scsi target2:0:1: asynchronous
[    3.727327] sd 2:0:0:0: Attached scsi generic sg0 type 0
[    3.728344] sd 2:0:0:0: [sda] 20971520 512-byte logical blocks: (10.7 GB/10.0 GiB)
[    3.728509] sd 2:0:0:0: [sda] Write Protect is off
[    3.733450] sd 2:0:0:0: [sda] Incomplete mode parameter data
[    3.733452] sd 2:0:0:0: [sda] Assuming drive cache: write through
[    3.756193] sd 2:0:1:0: Attached scsi generic sg1 type 0
[    3.758034] sd 2:0:1:0: [sdb] 20480 512-byte logical blocks: (10.5 MB/10.0 MiB)
[    3.761088] sd 2:0:1:0: [sdb] Write Protect is off
[    3.762808] sd 2:0:1:0: [sdb] Incomplete mode parameter data
[    3.764105] sd 2:0:1:0: [sdb] Assuming drive cache: write through
[    3.765485]  sda: sda1
[    3.767355] sd 2:0:0:0: [sda] Attached SCSI disk
[    3.770896] sd 2:0:1:0: [sdb] Attached SCSI disk
[    4.396328] e1000 0000:00:08.0 eth1: (PCI:33MHz:32-bit) 08:00:27:13:e4:e1
[    4.400966] e1000 0000:00:08.0 eth1: Intel(R) PRO/1000 Network Connection
[    4.408480] e1000 0000:00:03.0 enp0s3: renamed from eth0
[    4.422791] e1000 0000:00:08.0 enp0s8: renamed from eth1
Begin: Loading essential drivers ... [    5.952662] md: linear personality registered for level -1
[    5.957975] md: multipath personality registered for level -4
[    5.963343] md: raid0 personality registered for level 0
[    5.971102] md: raid1 personality registered for level 1
[    6.043247] raid6: sse2x1   gen() 10744 MB/s
[    6.110621] raid6: sse2x1   xor()  8663 MB/s
[    6.178971] raid6: sse2x2   gen() 12449 MB/s
[    6.247263] raid6: sse2x2   xor() 10146 MB/s
[    6.314653] raid6: sse2x4   gen() 16181 MB/s
[    6.382879] raid6: sse2x4   xor() 11316 MB/s
[    6.451254] raid6: avx2x1   gen() 17113 MB/s
[    6.518624] raid6: avx2x2   gen() 26833 MB/s
[    6.586910] raid6: avx2x4   gen() 29019 MB/s
[    6.587997] raid6: using algorithm avx2x4 gen() 29019 MB/s
[    6.589284] raid6: using avx2x2 recovery algorithm
[    6.591788] xor: automatically using best checksumming function:
[    6.630791]    avx       : 26056.000 MB/sec
[    6.633511] async_tx: api initialized (async)
[    6.647027] md: raid6 personality registered for level 6
[    6.648870] md: raid5 personality registered for level 5
[    6.650707] md: raid4 personality registered for level 4
[    6.660234] md: raid10 personality registered for level 10
done.
Begin: Running /scripts/init-premount ... done.
Begin: Mounting root file system ... Begin: Running /scripts/local-top ... done.
Begin: Running /scripts/local-premount ... [    6.702585] Btrfs loaded
Scanning for Btrfs filesystems
done.
Warning: fsck not present, so skipping root file system
[    6.737372] EXT4-fs (sda1): mounted filesystem with ordered data mode. Opts: (null)
done.
Begin: Running /scripts/local-bottom ... done.
Begin: Running /scripts/init-bottom ... done.
[    6.839036] systemd[1]: systemd 229 running in system mode. (+PAM +AUDIT +SELINUX +IMA +APPARMOR +SMACK +SYSVINIT +UTMP +LIBCRYPTSETUP +GCRYPT +GNUTLS +ACL +XZ -LZ4 +SECCOMP +BLKID +ELFUTILS +KMOD -IDN)
[    6.842774] systemd[1]: Detected virtualization oracle.
[    6.843935] systemd[1]: Detected architecture x86-64.

Welcome to [1mUbuntu 16.04.6 LTS[0m!

[    6.856255] systemd[1]: Set hostname to <ubuntu-xenial>.
[    7.052436] systemd[1]: Started Trigger resolvconf update for networkd DNS.
[[0;32m  OK  [0m] Started Trigger resolvconf update for networkd DNS.
[    7.056932] systemd[1]: Listening on Journal Socket (/dev/log).
[[0;32m  OK  [0m] Listening on Journal Socket (/dev/log).
[    7.060507] systemd[1]: Reached target Swap.
[[0;32m  OK  [0m] Reached target Swap.
[    7.063435] systemd[1]: Listening on Journal Audit Socket.
[[0;32m  OK  [0m] Listening on Journal Audit Socket.
[    7.067612] systemd[1]: Set up automount Arbitrary Executable File Formats File System Automount Point.
[[0;32m  OK  [0m] Set up automount Arbitrary Executab...ats File System Automount Point.
[    7.072684] systemd[1]: Created slice User and Session Slice.
[[0;32m  OK  [0m] Created slice User and Session Slice.
[    7.076074] systemd[1]: Reached target User and Group Name Lookups.
[[0;32m  OK  [0m] Reached target User and Group Name Lookups.
[    7.079969] systemd[1]: Started Forward Password Requests to Wall Directory Watch.
[[0;32m  OK  [0m] Started Forward Password Requests to Wall Directory Watch.
[    7.084261] systemd[1]: Listening on udev Kernel Socket.
[[0;32m  OK  [0m] Listening on udev Kernel Socket.
[    7.086995] systemd[1]: Listening on Device-mapper event daemon FIFOs.
[[0;32m  OK  [0m] Listening on Device-mapper event daemon FIFOs.
[    7.089855] systemd[1]: Reached target System Time Synchronized.
[[0;32m  OK  [0m] Reached target System Time Synchronized.
[    7.092795] systemd[1]: Listening on LVM2 poll daemon socket.
[[0;32m  OK  [0m] Listening on LVM2 poll daemon socket.
[    7.095412] systemd[1]: Reached target Encrypted Volumes.
[[0;32m  OK  [0m] Reached target Encrypted Volumes.
[    7.098100] systemd[1]: Listening on Journal Socket.
[[0;32m  OK  [0m] Listening on Journal Socket.
[    7.100906] systemd[1]: Created slice System Slice.
[[0;32m  OK  [0m] Created slice System Slice.
[    7.104420] systemd[1]: Created slice system-serial\x2dgetty.slice.
[[0;32m  OK  [0m] Created slice system-serial\x2dgetty.slice.
[    7.107675] systemd[1]: Reached target Slices.
[[0;32m  OK  [0m] Reached target Slices.
[    7.123328] systemd[1]: Starting Uncomplicated firewall...
         Starting Uncomplicated firewall...
[    7.128496] systemd[1]: Starting Nameserver information manager...
         Starting Nameserver information manager...
[    7.133352] systemd[1]: Starting Create list of required static device nodes for the current kernel...
         Starting Create list of required st... nodes for the current kernel...
[    7.138788] systemd[1]: Starting Set console keymap...
         Starting Set console keymap...
[    7.143922] systemd[1]: Starting Remount Root and Kernel File Systems...
         Starting Remount Root and Kernel File Systems...
[    7.155923] EXT4-fs (sda1): re-mounted. Opts: (null)
[    7.156460] systemd[1]: Starting Load Kernel Modules...
         Starting Load Kernel Modules...
[    7.162519] systemd[1]: Mounting POSIX Message Queue File System...
         Mounting POSIX Message Queue File System...
[    7.167853] systemd[1]: Listening on LVM2 metadata daemon socket.
[[0;32m  OK  [0m] Listening on LVM2 metadata daemon socket.
[    7.172268] systemd[1]: Starting Monitoring of LVM2 mirrors, snapshots etc. using dmeventd or progress polling...
         Starting Monitoring of LVM2 mirrors... dmeventd or progress polling...
[    7.177422] Loading iSCSI transport class v2.0-870.
[    7.179353] systemd[1]: Mounting Huge Pages File System...
         Mounting Huge Pages File System...
[    7.187177] systemd[1]: Listening on udev Control Socket.
[[0;32m  OK  [0m] Listening on udev Control Socket.
[    7.192159] systemd[1]: Listening on Syslog Socket.
[[0;32m  OK  [0m] Listening on Syslog Socket.
[    7.198573] systemd[1]: Starting Journal Service...
         Starting Journal Service...
[    7.203019] systemd[1]: Listening on /dev/initctl Compatibility Named Pipe.
[[0;32m  OK  [0m] Listening on /dev/initctl Compatibility Named Pipe.
[    7.206157] iscsi: registered transport (tcp)
[    7.206915] systemd[1]: Mounting Debug File System...
         Mounting Debug File System...
[    7.212487] systemd[1]: Mounted POSIX Message Queue File System.
[[0;32m  OK  [0m] Mounted POSIX Message Queue File System.
[    7.216102] systemd[1]: Mounted Huge Pages File System.
[[0;32m  OK  [0m] Mounted Huge Pages File System.
[    7.220026] systemd[1]: Mounted Debug File System.
[[0;32m  OK  [0m] Mounted Debug File System.
[    7.223574] systemd[1]: Started Uncomplicated firewall.
[[0;32m  OK  [0m] Started Uncomplicated firewall.
[    7.227594] systemd[1]: Started Create list of required static device nodes for the current kernel.
[[0;32m  OK  [0m] Started Create list of required sta...ce nodes for the current kernel.
[    7.238128] systemd[1]: Started Remount Root and Kernel File Systems.
[[0;32m  OK  [0m] Started Remount Root and Kernel File Systems.
[    7.244159] systemd[1]: Started Nameserver information manager.
[[0;32m  OK  [0m] Started Nameserver information manager.
[    7.251797] systemd[1]: Started Journal Service.
[[0;32m  OK  [0m] Started Journal Service.
[    7.295722] iscsi: registered transport (iser)
[[0;32m  OK  [0m] Started Load Kernel Modules.
         Starting Apply Kernel Variables...
         Mounting FUSE Control File System...
[[0;32m  OK  [0m] Started LVM2 metadata daemon.
         Starting Flush Journal to Persistent Storage...
         Starting Load/Save Random Seed...
         Starting udev Coldplug all Devices...
         Starting Create Static Device Nodes in /dev...
[[0;32m  OK  [0m] Mounted FUSE Control File System.
[[0;32m  OK  [0m] Started Apply Kernel Variables.
[[0;32m  OK  [0m] Started Load/Save Random Seed.
[[0;32m  OK  [0m] Started Create Static Device Nodes in /dev.
[[0;32m  OK  [0m] Started Set console keymap.
[[0;32m  OK  [0m] Started Flush Journal to Persistent Storage.
[[0;32m  OK  [0m] Started udev Coldplug all Devices.
         Starting udev Kernel Device Manager...
[[0;32m  OK  [0m] Started udev Kernel Device Manager.
[[0;32m  OK  [0m] Started Dispatch Password Requests to Console Directory Watch.
[[0;32m  OK  [0m] Found device /dev/ttyS0.
[[0;32m  OK  [0m] Found device 82540EM Gigabit Ethern...r (PRO/1000 MT Desktop Adapter).
[[0;32m  OK  [0m] Found device 82540EM Gigabit Ethern...r (PRO/1000 MT Desktop Adapter).
[[0;32m  OK  [0m] Listening on Load/Save RF Kill Switch Status /dev/rfkill Watch.
[[0;32m  OK  [0m] Started Monitoring of LVM2 mirrors,...ng dmeventd or progress polling.
[[0;32m  OK  [0m] Reached target Local File Systems (Pre).
[[0;32m  OK  [0m] Reached target Local File Systems.
         Starting Initial cloud-init job (pre-networking)...
         Starting LSB: AppArmor initialization...
         Starting Tell Plymouth To Write Out Runtime Data...
         Starting Create Volatile Files and Directories...
         Starting Set console font and keymap...
[[0;32m  OK  [0m] Started Tell Plymouth To Write Out Runtime Data.
[[0;32m  OK  [0m] Started Create Volatile Files and Directories.
         Starting Update UTMP about System Boot/Shutdown...
[[0;32m  OK  [0m] Started Update UTMP about System Boot/Shutdown.
[[0;32m  OK  [0m] Started LSB: AppArmor initialization.
[[0;32m  OK  [0m] Started Set console font and keymap.
[[0;32m  OK  [0m] Created slice system-getty.slice.
[    8.990577] cloud-init[630]: Cloud-init v. 19.2-36-g059d049c-0ubuntu2~16.04.1 running 'init-local' at Sun, 13 Oct 2019 14:37:50 +0000. Up 8.69 seconds.
[[0;32m  OK  [0m] Started Initial cloud-init job (pre-networking).
[[0;32m  OK  [0m] Reached target Network (Pre).
[[0;32m  OK  [0m] Started ifup for enp0s8.
         Starting Raise network interfaces...
[[0;32m  OK  [0m] Started ifup for enp0s3.
[[0;32m  OK  [0m] Started Raise network interfaces.
[[0;32m  OK  [0m] Reached target Network.
         Starting Initial cloud-init job (metadata service crawler)...
[    9.997407] cloud-init[1077]: Cloud-init v. 19.2-36-g059d049c-0ubuntu2~16.04.1 running 'init' at Sun, 13 Oct 2019 14:37:51 +0000. Up 9.63 seconds.
[    9.999793] cloud-init[1077]: ci-info: ++++++++++++++++++++++++++++++++++++++Net device info+++++++++++++++++++++++++++++++++++++++
[   10.001738] cloud-init[1077]: ci-info: +--------+------+-----------------------------+---------------+--------+-------------------+
[   10.003526] cloud-init[1077]: ci-info: | Device |  Up  |           Address           |      Mask     | Scope  |     Hw-Address    |
[   10.005286] cloud-init[1077]: ci-info: +--------+------+-----------------------------+---------------+--------+-------------------+
[   10.007093] cloud-init[1077]: ci-info: | enp0s3 | True |          10.0.2.15          | 255.255.255.0 | global | 02:0e:9b:2d:5b:92 |
[   10.008728] cloud-init[1077]: ci-info: | enp0s3 | True |  fe80::e:9bff:fe2d:5b92/64  |       .       |  link  | 02:0e:9b:2d:5b:92 |
[   10.010129] cloud-init[1077]: ci-info: | enp0s8 | True |        192.168.10.200       | 255.255.255.0 | global | 08:00:27:13:e4:e1 |
[   10.012327] cloud-init[1077]: ci-info: | enp0s8 | True | fe80::a00:27ff:fe13:e4e1/64 |       .       |  link  | 08:00:27:13:e4:e1 |
[   10.013865] cloud-init[1077]: ci-info: |   lo   | True |          127.0.0.1          |   255.0.0.0   |  host  |         .         |
[   10.015593] cloud-init[1077]: ci-info: |   lo   | True |           ::1/128           |       .       |  host  |         .         |
[   10.017683] cloud-init[1077]: ci-info: +--------+------+-----------------------------+---------------+--------+-------------------+
[   10.019703] cloud-init[1077]: ci-info: ++++++++++++++++++++++++++++Route IPv4 info++++++++++++++++++++++++++++
[   10.029020] cloud-init[1077]: ci-info: +-------+--------------+----------+---------------+-----------+-------+
[   10.036741] cloud-init[1077]: ci-info: | Route | Destination  | Gateway  |    Genmask    | Interface | Flags |
[   10.038274] cloud-init[1077]: ci-info: +-------+--------------+----------+---------------+-----------+-------+
[   10.040055] cloud-init[1077]: ci-info: |   0   |   0.0.0.0    | 10.0.2.2 |    0.0.0.0    |   enp0s3  |   UG  |
[   10.041399] cloud-init[1077]: ci-info: |   1   |   10.0.2.0   | 0.0.0.0  | 255.255.255.0 |   enp0s3  |   U   |
[   10.042907] cloud-init[1077]: ci-info: |   2   | 192.168.10.0 | 0.0.0.0  | 255.255.255.0 |   enp0s8  |   U   |
[   10.044712] cloud-init[1077]: ci-info: +-------+--------------+----------+---------------+-----------+-------+
[   10.046314] cloud-init[1077]: ci-info: +++++++++++++++++++Route IPv6 info+++++++++++++++++++
[   10.047973] cloud-init[1077]: ci-info: +-------+-------------+---------+-----------+-------+
[   10.049285] cloud-init[1077]: ci-info: | Route | Destination | Gateway | Interface | Flags |
[   10.050481] cloud-init[1077]: ci-info: +-------+-------------+---------+-----------+-------+
[   10.051904] cloud-init[1077]: ci-info: |   0   |  fe80::/64  |    ::   |   enp0s8  |   U   |
[   10.053622] cloud-init[1077]: ci-info: |   1   |  fe80::/64  |    ::   |   enp0s3  |   U   |
[   10.055403] cloud-init[1077]: ci-info: |   4   |   ff00::/8  |    ::   |   enp0s8  |   U   |
[   10.056642] cloud-init[1077]: ci-info: |   5   |   ff00::/8  |    ::   |   enp0s3  |   U   |
[   10.057913] cloud-init[1077]: ci-info: +-------+-------------+---------+-----------+-------+
[[0;32m  OK  [0m] Started Initial cloud-init job (metadata service crawler).
[[0;32m  OK  [0m] Reached target Cloud-config availability.
[[0;32m  OK  [0m] Reached target System Initialization.
[[0;32m  OK  [0m] Listening on UUID daemon activation socket.
[[0;32m  OK  [0m] Listening on D-Bus System Message Bus Socket.
[[0;32m  OK  [0m] Listening on ACPID Listen Socket.
         Starting Socket activation for snappy daemon.
[[0;32m  OK  [0m] Started Daily apt download activities.
[[0;32m  OK  [0m] Started Daily apt upgrade and clean activities.
         Starting LXD - unix socket.
[[0;32m  OK  [0m] Started Message of the Day.
[[0;32m  OK  [0m] Started ACPI Events Check.
[[0;32m  OK  [0m] Reached target Paths.
[[0;32m  OK  [0m] Started Daily Cleanup of Temporary Directories.
[[0;32m  OK  [0m] Reached target Timers.
[[0;32m  OK  [0m] Reached target Network is Online.
         Starting iSCSI initiator daemon (iscsid)...
[[0;32m  OK  [0m] Listening on Socket activation for snappy daemon.
[[0;32m  OK  [0m] Listening on LXD - unix socket.
[[0;32m  OK  [0m] Started iSCSI initiator daemon (iscsid).
         Starting Login to default iSCSI targets...
[[0;32m  OK  [0m] Reached target Sockets.
[[0;32m  OK  [0m] Reached target Basic System.
[[0;32m  OK  [0m] Started Regular background program processing daemon.
         Starting A high performance web server and a reverse proxy server...
[[0;32m  OK  [0m] Started ACPI event daemon.
         Starting Virtualbox guest utils...
         Starting Accounts Service...
         Starting Snappy daemon...
         Starting LSB: Record successful boot for GRUB...
         Starting System Logging Service...
[[0;32m  OK  [0m] Started D-Bus System Message Bus.
         Starting Login Service...
[[0;32m  OK  [0m] Started FUSE filesystem for LXC.
         Starting LSB: MD monitoring daemon...
         Starting OpenBSD Secure Shell server...
         Starting LXD - container startup/shutdown...
[[0;32m  OK  [0m] Started Deferred execution scheduler.
         Starting /etc/rc.local Compatibility...
[[0;32m  OK  [0m] Started System Logging Service.
[[0;32m  OK  [0m] Started /etc/rc.local Compatibility.
[[0;32m  OK  [0m] Started OpenBSD Secure Shell server.
[[0;32m  OK  [0m] Started Login to default iSCSI targets.
[[0;32m  OK  [0m] Started LSB: Record successful boot for GRUB.
[[0;32m  OK  [0m] Started A high performance web server and a reverse proxy server.
[[0;32m  OK  [0m] Started LSB: MD monitoring daemon.
[[0;32m  OK  [0m] Started Virtualbox guest utils.
[[0;32m  OK  [0m] Started LXD - container startup/shutdown.
[[0;32m  OK  [0m] Started Login Service.
[[0;32m  OK  [0m] Started Unattended Upgrades Shutdown.
         Starting Authenticate and Authorize Users to Run Privileged Tasks...
[[0;32m  OK  [0m] Reached target Remote File Systems (Pre).
[[0;32m  OK  [0m] Reached target Remote File Systems.
         Starting Permit User Sessions...
         Starting LSB: Start Jenkins at boot time...
         Starting LSB: automatic crash report generation...
         Starting LSB: daemon to balance interrupts for SMP systems...
         Starting LSB: Set the CPU Frequency Scaling governor to "ondemand"...
[[0;32m  OK  [0m] Started Permit User Sessions.
[[0;32m  OK  [0m] Started Snappy daemon.
[[0;32m  OK  [0m] Started Authenticate and Authorize Users to Run Privileged Tasks.
[[0;32m  OK  [0m] Started Accounts Service.
         Starting Wait until snapd is fully seeded...
         Starting Terminate Plymouth Boot Screen...
         Starting Hold until boot process finishes up...
[[0;32m  OK  [0m] Started LSB: daemon to balance interrupts for SMP systems.
[[0;32m  OK  [0m] Started LSB: Set the CPU Frequency Scaling governor to "ondemand".
[[0;32m  OK  [0m] Started Hold until boot process finishes up.
[[0;32m  OK  [0m] Started LSB: automatic crash report generation.
[[0;32m  OK  [0m] Started Terminate Plymouth Boot Screen.
         Starting Set console scheme...
[[0;32m  OK  [0m] Started Serial Getty on ttyS0.
[[0;32m  OK  [0m] Started Getty on tty1.
[[0;32m  OK  [0m] Reached target Login Prompts.
[[0;32m  OK  [0m] Started Wait until snapd is fully seeded.
[[0;32m  OK  [0m] Started Set console scheme.
         Starting Apply the settings specified in cloud-config...
[[0;32m  OK  [0m] Created slice User Slice of jenkins.
         Starting User Manager for UID 112...
[[0;32m  OK  [0m] Started Session c1 of user jenkins.
[[0;32m  OK  [0m] Started User Manager for UID 112.
[   11.486111] cloud-init[1364]: Cloud-init v. 19.2-36-g059d049c-0ubuntu2~16.04.1 running 'modules:config' at Sun, 13 Oct 2019 14:37:53 +0000. Up 11.29 seconds.
[[0;32m  OK  [0m] Started Apply the settings specified in cloud-config.
[[0;32m  OK  [0m] Created slice User Slice of vagrant.
         Starting User Manager for UID 1000...
[[0;32m  OK  [0m] Started Session 1 of user vagrant.
[[0;32m  OK  [0m] Started User Manager for UID 1000.
[[0;32m  OK  [0m] Started LSB: Start Jenkins at boot time.
[[0;32m  OK  [0m] Reached target Multi-User System.
[[0;32m  OK  [0m] Reached target Graphical Interface.
         Starting Update UTMP about System Runlevel Changes...
         Starting Execute cloud user/final scripts...
[[0;32m  OK  [0m] Started Update UTMP about System Runlevel Changes.
[   12.980792] cloud-init[1459]: Cloud-init v. 19.2-36-g059d049c-0ubuntu2~16.04.1 running 'modules:final' at Sun, 13 Oct 2019 14:37:54 +0000. Up 12.78 seconds.
[   12.983851] cloud-init[1459]: Cloud-init v. 19.2-36-g059d049c-0ubuntu2~16.04.1 finished at Sun, 13 Oct 2019 14:37:54 +0000. Datasource DataSourceNoCloud [seed=/dev/sdb][dsmode=net].  Up 12.97 seconds
[[0;32m  OK  [0m] Started Execute cloud user/final scripts.
[[0;32m  OK  [0m] Reached target Cloud-init target.

Ubuntu 16.04.6 LTS ubuntu-xenial ttyS0

ubuntu-xenial login: 